Archive member included because of file (symbol)

e:/embedded systems imt/imt_sdk_win_64/winavr/bin/../lib/gcc/avr/4.3.3/avr5\libgcc.a(_mulsi3.o)
                              ./APP/main.o (__mulsi3)
e:/embedded systems imt/imt_sdk_win_64/winavr/bin/../lib/gcc/avr/4.3.3/avr5\libgcc.a(_udivmodhi4.o)
                              ./APP/main.o (__udivmodhi4)
e:/embedded systems imt/imt_sdk_win_64/winavr/bin/../lib/gcc/avr/4.3.3/avr5\libgcc.a(_udivmodsi4.o)
                              ./HAL/HCLCD/HCLCD_Program.o (__udivmodsi4)
e:/embedded systems imt/imt_sdk_win_64/winavr/bin/../lib/gcc/avr/4.3.3/avr5\libgcc.a(_exit.o)
                              e:/embedded systems imt/imt_sdk_win_64/winavr/bin/../lib/gcc/avr/4.3.3/../../../../avr/lib/avr5/crtm32.o (exit)
e:/embedded systems imt/imt_sdk_win_64/winavr/bin/../lib/gcc/avr/4.3.3/avr5\libgcc.a(_copy_data.o)
                              ./HAL/HKPD/HKPD_Program.o (__do_copy_data)
e:/embedded systems imt/imt_sdk_win_64/winavr/bin/../lib/gcc/avr/4.3.3/avr5\libgcc.a(_clear_bss.o)
                              ./MCAL/MTIMER/MTIMER_Program.o (__do_clear_bss)
e:/embedded systems imt/imt_sdk_win_64/winavr/bin/../lib/gcc/avr/4.3.3/avr5\libgcc.a(_fixunssfsi.o)
                              ./HAL/HKPD/HKPD_Program.o (__fixunssfsi)
e:/embedded systems imt/imt_sdk_win_64/winavr/bin/../lib/gcc/avr/4.3.3/avr5\libgcc.a(_addsub_sf.o)
                              e:/embedded systems imt/imt_sdk_win_64/winavr/bin/../lib/gcc/avr/4.3.3/avr5\libgcc.a(_fixunssfsi.o) (__subsf3)
e:/embedded systems imt/imt_sdk_win_64/winavr/bin/../lib/gcc/avr/4.3.3/avr5\libgcc.a(_mul_sf.o)
                              ./HAL/HKPD/HKPD_Program.o (__mulsf3)
e:/embedded systems imt/imt_sdk_win_64/winavr/bin/../lib/gcc/avr/4.3.3/avr5\libgcc.a(_gt_sf.o)
                              ./HAL/HKPD/HKPD_Program.o (__gtsf2)
e:/embedded systems imt/imt_sdk_win_64/winavr/bin/../lib/gcc/avr/4.3.3/avr5\libgcc.a(_ge_sf.o)
                              e:/embedded systems imt/imt_sdk_win_64/winavr/bin/../lib/gcc/avr/4.3.3/avr5\libgcc.a(_fixunssfsi.o) (__gesf2)
e:/embedded systems imt/imt_sdk_win_64/winavr/bin/../lib/gcc/avr/4.3.3/avr5\libgcc.a(_lt_sf.o)
                              ./HAL/HKPD/HKPD_Program.o (__ltsf2)
e:/embedded systems imt/imt_sdk_win_64/winavr/bin/../lib/gcc/avr/4.3.3/avr5\libgcc.a(_sf_to_si.o)
                              e:/embedded systems imt/imt_sdk_win_64/winavr/bin/../lib/gcc/avr/4.3.3/avr5\libgcc.a(_fixunssfsi.o) (__fixsfsi)
e:/embedded systems imt/imt_sdk_win_64/winavr/bin/../lib/gcc/avr/4.3.3/avr5\libgcc.a(_thenan_sf.o)
                              e:/embedded systems imt/imt_sdk_win_64/winavr/bin/../lib/gcc/avr/4.3.3/avr5\libgcc.a(_addsub_sf.o) (__thenan_sf)
e:/embedded systems imt/imt_sdk_win_64/winavr/bin/../lib/gcc/avr/4.3.3/avr5\libgcc.a(_prologue.o)
                              e:/embedded systems imt/imt_sdk_win_64/winavr/bin/../lib/gcc/avr/4.3.3/avr5\libgcc.a(_addsub_sf.o) (__prologue_saves__)
e:/embedded systems imt/imt_sdk_win_64/winavr/bin/../lib/gcc/avr/4.3.3/avr5\libgcc.a(_epilogue.o)
                              e:/embedded systems imt/imt_sdk_win_64/winavr/bin/../lib/gcc/avr/4.3.3/avr5\libgcc.a(_addsub_sf.o) (__epilogue_restores__)
e:/embedded systems imt/imt_sdk_win_64/winavr/bin/../lib/gcc/avr/4.3.3/avr5\libgcc.a(_pack_sf.o)
                              e:/embedded systems imt/imt_sdk_win_64/winavr/bin/../lib/gcc/avr/4.3.3/avr5\libgcc.a(_addsub_sf.o) (__pack_f)
e:/embedded systems imt/imt_sdk_win_64/winavr/bin/../lib/gcc/avr/4.3.3/avr5\libgcc.a(_unpack_sf.o)
                              e:/embedded systems imt/imt_sdk_win_64/winavr/bin/../lib/gcc/avr/4.3.3/avr5\libgcc.a(_addsub_sf.o) (__unpack_f)
e:/embedded systems imt/imt_sdk_win_64/winavr/bin/../lib/gcc/avr/4.3.3/avr5\libgcc.a(_fpcmp_parts_sf.o)
                              e:/embedded systems imt/imt_sdk_win_64/winavr/bin/../lib/gcc/avr/4.3.3/avr5\libgcc.a(_gt_sf.o) (__fpcmp_parts_f)

Allocating common symbols
Common symbol       size              file

TIMER0_CallBack     0x2               ./MCAL/MTIMER/MTIMER_Program.o
TIMER1_CallBack     0x2               ./MCAL/MTIMER/MTIMER_Program.o
TIMER1_ICF_CallBack
                    0x2               ./MCAL/MTIMER/MTIMER_Program.o

Memory Configuration

Name             Origin             Length             Attributes
text             0x00000000         0x00020000         xr
data             0x00800060         0x0000ffa0         rw !x
eeprom           0x00810000         0x00010000         rw !x
fuse             0x00820000         0x00000400         rw !x
lock             0x00830000         0x00000400         rw !x
signature        0x00840000         0x00000400         rw !x
*default*        0x00000000         0xffffffff

Linker script and memory map

LOAD e:/embedded systems imt/imt_sdk_win_64/winavr/bin/../lib/gcc/avr/4.3.3/../../../../avr/lib/avr5/crtm32.o
LOAD ./MCAL/MTIMER/MTIMER_Program.o
LOAD ./MCAL/MDIO/MDIO_Program.o
LOAD ./MCAL/MADC/MADC_Program.o
LOAD ./MCAL/GIE/GIE_program.o
LOAD ./MCAL/EXTI/EXTI_program.o
LOAD ./HAL/HSWITCH/HSWITCH_Program.o
LOAD ./HAL/HSEVEN_SEGMENT/HSEVEN_SEGMENT_Program.o
LOAD ./HAL/HLED/HLED_Program.o
LOAD ./HAL/HKPD/HKPD_Program.o
LOAD ./HAL/HCLCD/HCLCD_Program.o
LOAD ./APP/main.o
LOAD e:/embedded systems imt/imt_sdk_win_64/winavr/bin/../lib/gcc/avr/4.3.3/avr5\libgcc.a
LOAD e:/embedded systems imt/imt_sdk_win_64/winavr/bin/../lib/gcc/avr/4.3.3/../../../../avr/lib/avr5\libc.a
LOAD e:/embedded systems imt/imt_sdk_win_64/winavr/bin/../lib/gcc/avr/4.3.3/avr5\libgcc.a

.hash
 *(.hash)

.dynsym
 *(.dynsym)

.dynstr
 *(.dynstr)

.gnu.version
 *(.gnu.version)

.gnu.version_d
 *(.gnu.version_d)

.gnu.version_r
 *(.gnu.version_r)

.rel.init
 *(.rel.init)

.rela.init
 *(.rela.init)

.rel.text
 *(.rel.text)
 *(.rel.text.*)
 *(.rel.gnu.linkonce.t*)

.rela.text
 *(.rela.text)
 *(.rela.text.*)
 *(.rela.gnu.linkonce.t*)

.rel.fini
 *(.rel.fini)

.rela.fini
 *(.rela.fini)

.rel.rodata
 *(.rel.rodata)
 *(.rel.rodata.*)
 *(.rel.gnu.linkonce.r*)

.rela.rodata
 *(.rela.rodata)
 *(.rela.rodata.*)
 *(.rela.gnu.linkonce.r*)

.rel.data
 *(.rel.data)
 *(.rel.data.*)
 *(.rel.gnu.linkonce.d*)

.rela.data
 *(.rela.data)
 *(.rela.data.*)
 *(.rela.gnu.linkonce.d*)

.rel.ctors
 *(.rel.ctors)

.rela.ctors
 *(.rela.ctors)

.rel.dtors
 *(.rel.dtors)

.rela.dtors
 *(.rela.dtors)

.rel.got
 *(.rel.got)

.rela.got
 *(.rela.got)

.rel.bss
 *(.rel.bss)

.rela.bss
 *(.rela.bss)

.rel.plt
 *(.rel.plt)

.rela.plt
 *(.rela.plt)

.text           0x00000000     0x4df2
 *(.vectors)
 .vectors       0x00000000       0x54 e:/embedded systems imt/imt_sdk_win_64/winavr/bin/../lib/gcc/avr/4.3.3/../../../../avr/lib/avr5/crtm32.o
                0x00000000                __vectors
                0x00000000                __vector_default
 *(.vectors)
 *(.progmem.gcc*)
 *(.progmem*)
                0x00000054                . = ALIGN (0x2)
                0x00000054                __trampolines_start = .
 *(.trampolines)
 .trampolines   0x00000054        0x0 linker stubs
 *(.trampolines*)
                0x00000054                __trampolines_end = .
 *(.jumptables)
 *(.jumptables*)
 *(.lowtext)
 *(.lowtext*)
                0x00000054                __ctors_start = .
 *(.ctors)
                0x00000054                __ctors_end = .
                0x00000054                __dtors_start = .
 *(.dtors)
                0x00000054                __dtors_end = .
 SORT(*)(.ctors)
 SORT(*)(.dtors)
 *(.init0)
 .init0         0x00000054        0x0 e:/embedded systems imt/imt_sdk_win_64/winavr/bin/../lib/gcc/avr/4.3.3/../../../../avr/lib/avr5/crtm32.o
                0x00000054                __init
 *(.init0)
 *(.init1)
 *(.init1)
 *(.init2)
 .init2         0x00000054        0xc e:/embedded systems imt/imt_sdk_win_64/winavr/bin/../lib/gcc/avr/4.3.3/../../../../avr/lib/avr5/crtm32.o
 *(.init2)
 *(.init3)
 *(.init3)
 *(.init4)
 .init4         0x00000060       0x16 e:/embedded systems imt/imt_sdk_win_64/winavr/bin/../lib/gcc/avr/4.3.3/avr5\libgcc.a(_copy_data.o)
                0x00000060                __do_copy_data
 .init4         0x00000076       0x10 e:/embedded systems imt/imt_sdk_win_64/winavr/bin/../lib/gcc/avr/4.3.3/avr5\libgcc.a(_clear_bss.o)
                0x00000076                __do_clear_bss
 *(.init4)
 *(.init5)
 *(.init5)
 *(.init6)
 *(.init6)
 *(.init7)
 *(.init7)
 *(.init8)
 *(.init8)
 *(.init9)
 .init9         0x00000086        0x8 e:/embedded systems imt/imt_sdk_win_64/winavr/bin/../lib/gcc/avr/4.3.3/../../../../avr/lib/avr5/crtm32.o
 *(.init9)
 *(.text)
 .text          0x0000008e        0x4 e:/embedded systems imt/imt_sdk_win_64/winavr/bin/../lib/gcc/avr/4.3.3/../../../../avr/lib/avr5/crtm32.o
                0x0000008e                __vector_12
                0x0000008e                __bad_interrupt
                0x0000008e                __vector_13
                0x0000008e                __vector_17
                0x0000008e                __vector_19
                0x0000008e                __vector_7
                0x0000008e                __vector_5
                0x0000008e                __vector_4
                0x0000008e                __vector_15
                0x0000008e                __vector_8
                0x0000008e                __vector_14
                0x0000008e                __vector_16
                0x0000008e                __vector_18
                0x0000008e                __vector_20
 .text          0x00000092        0x0 ./MCAL/MTIMER/MTIMER_Program.o
 .text          0x00000092        0x0 ./MCAL/MDIO/MDIO_Program.o
 .text          0x00000092        0x0 ./MCAL/MADC/MADC_Program.o
 .text          0x00000092        0x0 ./MCAL/GIE/GIE_program.o
 .text          0x00000092        0x0 ./MCAL/EXTI/EXTI_program.o
 .text          0x00000092        0x0 ./HAL/HSWITCH/HSWITCH_Program.o
 .text          0x00000092        0x0 ./HAL/HSEVEN_SEGMENT/HSEVEN_SEGMENT_Program.o
 .text          0x00000092        0x0 ./HAL/HLED/HLED_Program.o
 .text          0x00000092        0x0 ./HAL/HKPD/HKPD_Program.o
 .text          0x00000092        0x0 ./HAL/HCLCD/HCLCD_Program.o
 .text          0x00000092        0x0 ./APP/main.o
 .text          0x00000092        0x0 e:/embedded systems imt/imt_sdk_win_64/winavr/bin/../lib/gcc/avr/4.3.3/avr5\libgcc.a(_mulsi3.o)
 .text          0x00000092        0x0 e:/embedded systems imt/imt_sdk_win_64/winavr/bin/../lib/gcc/avr/4.3.3/avr5\libgcc.a(_udivmodhi4.o)
 .text          0x00000092        0x0 e:/embedded systems imt/imt_sdk_win_64/winavr/bin/../lib/gcc/avr/4.3.3/avr5\libgcc.a(_udivmodsi4.o)
 .text          0x00000092        0x0 e:/embedded systems imt/imt_sdk_win_64/winavr/bin/../lib/gcc/avr/4.3.3/avr5\libgcc.a(_exit.o)
 .text          0x00000092        0x0 e:/embedded systems imt/imt_sdk_win_64/winavr/bin/../lib/gcc/avr/4.3.3/avr5\libgcc.a(_copy_data.o)
 .text          0x00000092        0x0 e:/embedded systems imt/imt_sdk_win_64/winavr/bin/../lib/gcc/avr/4.3.3/avr5\libgcc.a(_clear_bss.o)
 .text          0x00000092       0x58 e:/embedded systems imt/imt_sdk_win_64/winavr/bin/../lib/gcc/avr/4.3.3/avr5\libgcc.a(_fixunssfsi.o)
                0x00000092                __fixunssfsi
 .text          0x000000ea      0x354 e:/embedded systems imt/imt_sdk_win_64/winavr/bin/../lib/gcc/avr/4.3.3/avr5\libgcc.a(_addsub_sf.o)
                0x00000382                __subsf3
                0x000003e4                __addsf3
 .text          0x0000043e      0x1f4 e:/embedded systems imt/imt_sdk_win_64/winavr/bin/../lib/gcc/avr/4.3.3/avr5\libgcc.a(_mul_sf.o)
                0x0000043e                __mulsf3
 .text          0x00000632       0x60 e:/embedded systems imt/imt_sdk_win_64/winavr/bin/../lib/gcc/avr/4.3.3/avr5\libgcc.a(_gt_sf.o)
                0x00000632                __gtsf2
 .text          0x00000692       0x60 e:/embedded systems imt/imt_sdk_win_64/winavr/bin/../lib/gcc/avr/4.3.3/avr5\libgcc.a(_ge_sf.o)
                0x00000692                __gesf2
 .text          0x000006f2       0x60 e:/embedded systems imt/imt_sdk_win_64/winavr/bin/../lib/gcc/avr/4.3.3/avr5\libgcc.a(_lt_sf.o)
                0x000006f2                __ltsf2
 .text          0x00000752       0xa8 e:/embedded systems imt/imt_sdk_win_64/winavr/bin/../lib/gcc/avr/4.3.3/avr5\libgcc.a(_sf_to_si.o)
                0x00000752                __fixsfsi
 .text          0x000007fa        0x0 e:/embedded systems imt/imt_sdk_win_64/winavr/bin/../lib/gcc/avr/4.3.3/avr5\libgcc.a(_thenan_sf.o)
 .text          0x000007fa        0x0 e:/embedded systems imt/imt_sdk_win_64/winavr/bin/../lib/gcc/avr/4.3.3/avr5\libgcc.a(_prologue.o)
 .text          0x000007fa        0x0 e:/embedded systems imt/imt_sdk_win_64/winavr/bin/../lib/gcc/avr/4.3.3/avr5\libgcc.a(_epilogue.o)
 .text          0x000007fa      0x1aa e:/embedded systems imt/imt_sdk_win_64/winavr/bin/../lib/gcc/avr/4.3.3/avr5\libgcc.a(_pack_sf.o)
                0x000007fa                __pack_f
 .text          0x000009a4       0xf0 e:/embedded systems imt/imt_sdk_win_64/winavr/bin/../lib/gcc/avr/4.3.3/avr5\libgcc.a(_unpack_sf.o)
                0x000009a4                __unpack_f
 .text          0x00000a94       0xb2 e:/embedded systems imt/imt_sdk_win_64/winavr/bin/../lib/gcc/avr/4.3.3/avr5\libgcc.a(_fpcmp_parts_sf.o)
                0x00000a94                __fpcmp_parts_f
                0x00000b46                . = ALIGN (0x2)
 *(.text.*)
 .text.MTIMER0_VidInit
                0x00000b46       0x62 ./MCAL/MTIMER/MTIMER_Program.o
                0x00000b46                MTIMER0_VidInit
 .text.MTIMER0_VidSetPreload
                0x00000ba8       0x1c ./MCAL/MTIMER/MTIMER_Program.o
                0x00000ba8                MTIMER0_VidSetPreload
 .text.MTIMER0_VidSetCTCValue
                0x00000bc4       0x1c ./MCAL/MTIMER/MTIMER_Program.o
                0x00000bc4                MTIMER0_VidSetCTCValue
 .text.MTIMER0_VidOVF_SetCallBack
                0x00000be0       0x24 ./MCAL/MTIMER/MTIMER_Program.o
                0x00000be0                MTIMER0_VidOVF_SetCallBack
 .text.MTIMER0_VidCTC_SetCallBack
                0x00000c04       0x24 ./MCAL/MTIMER/MTIMER_Program.o
                0x00000c04                MTIMER0_VidCTC_SetCallBack
 .text.__vector_11
                0x00000c28       0x5a ./MCAL/MTIMER/MTIMER_Program.o
                0x00000c28                __vector_11
 .text.__vector_10
                0x00000c82       0x5a ./MCAL/MTIMER/MTIMER_Program.o
                0x00000c82                __vector_10
 .text.MTIMER1_VidInit
                0x00000cdc       0x8c ./MCAL/MTIMER/MTIMER_Program.o
                0x00000cdc                MTIMER1_VidInit
 .text.MTIMER1_VidSetPreload
                0x00000d68       0x24 ./MCAL/MTIMER/MTIMER_Program.o
                0x00000d68                MTIMER1_VidSetPreload
 .text.MTIMER1_u16GetTCNT1Value
                0x00000d8c       0x16 ./MCAL/MTIMER/MTIMER_Program.o
                0x00000d8c                MTIMER1_u16GetTCNT1Value
 .text.MTIMER1_u16GetICR1Value
                0x00000da2       0x16 ./MCAL/MTIMER/MTIMER_Program.o
                0x00000da2                MTIMER1_u16GetICR1Value
 .text.MTIMER1_VidSenseControl
                0x00000db8       0x3e ./MCAL/MTIMER/MTIMER_Program.o
                0x00000db8                MTIMER1_VidSenseControl
 .text.MTIMER1_VidOVF_SetCallBack
                0x00000df6       0x24 ./MCAL/MTIMER/MTIMER_Program.o
                0x00000df6                MTIMER1_VidOVF_SetCallBack
 .text.MTIMER1_VidICF_SetCallBack
                0x00000e1a       0x24 ./MCAL/MTIMER/MTIMER_Program.o
                0x00000e1a                MTIMER1_VidICF_SetCallBack
 .text.__vector_9
                0x00000e3e       0x5a ./MCAL/MTIMER/MTIMER_Program.o
                0x00000e3e                __vector_9
 .text.__vector_6
                0x00000e98       0x5a ./MCAL/MTIMER/MTIMER_Program.o
                0x00000e98                __vector_6
 .text.MDIO_Error_State_SetPinDirection
                0x00000ef2      0x206 ./MCAL/MDIO/MDIO_Program.o
                0x00000ef2                MDIO_Error_State_SetPinDirection
 .text.MDIO_Error_State_SetPortDirection
                0x000010f8       0xa0 ./MCAL/MDIO/MDIO_Program.o
                0x000010f8                MDIO_Error_State_SetPortDirection
 .text.MDIO_Error_State_SetPinValue
                0x00001198      0x206 ./MCAL/MDIO/MDIO_Program.o
                0x00001198                MDIO_Error_State_SetPinValue
 .text.MDIO_Error_State_SetPortValue
                0x0000139e       0x90 ./MCAL/MDIO/MDIO_Program.o
                0x0000139e                MDIO_Error_State_SetPortValue
 .text.MDIO_Error_State_GetPinValue
                0x0000142e      0x130 ./MCAL/MDIO/MDIO_Program.o
                0x0000142e                MDIO_Error_State_GetPinValue
 .text.MDIO_Error_State_SetNippleValue
                0x0000155e      0x1c8 ./MCAL/MDIO/MDIO_Program.o
                0x0000155e                MDIO_Error_State_SetNippleValue
 .text.MDIO_VidActivePullUP
                0x00001726       0x2c ./MCAL/MDIO/MDIO_Program.o
                0x00001726                MDIO_VidActivePullUP
 .text.MADC_VidInit
                0x00001752       0x62 ./MCAL/MADC/MADC_Program.o
                0x00001752                MADC_VidInit
 .text.MADC_u16ADC_StartConversion
                0x000017b4       0x64 ./MCAL/MADC/MADC_Program.o
                0x000017b4                MADC_u16ADC_StartConversion
 .text.GIE_voidEnable
                0x00001818       0x1c ./MCAL/GIE/GIE_program.o
                0x00001818                GIE_voidEnable
 .text.GIE_voidDisable
                0x00001834       0x1c ./MCAL/GIE/GIE_program.o
                0x00001834                GIE_voidDisable
 .text.EXTI_voidInt0SenseControl
                0x00001850       0x2a ./MCAL/EXTI/EXTI_program.o
                0x00001850                EXTI_voidInt0SenseControl
 .text.EXTI_voidInt1SenseControl
                0x0000187a       0x2a ./MCAL/EXTI/EXTI_program.o
                0x0000187a                EXTI_voidInt1SenseControl
 .text.EXTI_voidInt2SenseControl
                0x000018a4       0x1c ./MCAL/EXTI/EXTI_program.o
                0x000018a4                EXTI_voidInt2SenseControl
 .text.EXTI_u8IntEnable
                0x000018c0       0x7a ./MCAL/EXTI/EXTI_program.o
                0x000018c0                EXTI_u8IntEnable
 .text.EXTI_u8IntDisable
                0x0000193a       0x7a ./MCAL/EXTI/EXTI_program.o
                0x0000193a                EXTI_u8IntDisable
 .text.EXTI_u8SetSenseControl
                0x000019b4      0x23c ./MCAL/EXTI/EXTI_program.o
                0x000019b4                EXTI_u8SetSenseControl
 .text.EXTI_u8Int0SetCallBack
                0x00001bf0       0x3c ./MCAL/EXTI/EXTI_program.o
                0x00001bf0                EXTI_u8Int0SetCallBack
 .text.EXTI_u8Int1SetCallBack
                0x00001c2c       0x3c ./MCAL/EXTI/EXTI_program.o
                0x00001c2c                EXTI_u8Int1SetCallBack
 .text.EXTI_u8Int2SetCallBack
                0x00001c68       0x3c ./MCAL/EXTI/EXTI_program.o
                0x00001c68                EXTI_u8Int2SetCallBack
 .text.__vector_1
                0x00001ca4       0x66 ./MCAL/EXTI/EXTI_program.o
                0x00001ca4                __vector_1
 .text.__vector_2
                0x00001d0a       0x66 ./MCAL/EXTI/EXTI_program.o
                0x00001d0a                __vector_2
 .text.__vector_3
                0x00001d70       0x66 ./MCAL/EXTI/EXTI_program.o
                0x00001d70                __vector_3
 .text.HSWITCH_VidInit_PullUP
                0x00001dd6       0x2a ./HAL/HSWITCH/HSWITCH_Program.o
                0x00001dd6                HSWITCH_VidInit_PullUP
 .text.HSWITCH_u8SwitchState
                0x00001e00       0x3c ./HAL/HSWITCH/HSWITCH_Program.o
                0x00001e00                HSWITCH_u8SwitchState
 .text.HSEVEN_SEGMENT_VidInit
                0x00001e3c       0x24 ./HAL/HSEVEN_SEGMENT/HSEVEN_SEGMENT_Program.o
                0x00001e3c                HSEVEN_SEGMENT_VidInit
 .text.HSEVEN_SEGMENT_VidOff
                0x00001e60       0x52 ./HAL/HSEVEN_SEGMENT/HSEVEN_SEGMENT_Program.o
                0x00001e60                HSEVEN_SEGMENT_VidOff
 .text.HSEVEN_SEGMENT_VidDisplayNumber
                0x00001eb2      0x2ae ./HAL/HSEVEN_SEGMENT/HSEVEN_SEGMENT_Program.o
                0x00001eb2                HSEVEN_SEGMENT_VidDisplayNumber
 .text.HLED_VidInit
                0x00002160       0x2c ./HAL/HLED/HLED_Program.o
                0x00002160                HLED_VidInit
 .text.HLED_VidLed_On
                0x0000218c       0x2c ./HAL/HLED/HLED_Program.o
                0x0000218c                HLED_VidLed_On
 .text.HLED_VidLed_Off
                0x000021b8       0x2c ./HAL/HLED/HLED_Program.o
                0x000021b8                HLED_VidLed_Off
 .text.HLED_VidLed_Toggle
                0x000021e4       0x54 ./HAL/HLED/HLED_Program.o
                0x000021e4                HLED_VidLed_Toggle
 .text.HKPD_VidInit
                0x00002238       0xae ./HAL/HKPD/HKPD_Program.o
                0x00002238                HKPD_VidInit
 .text.HKPD_U8GetKeyPressed
                0x000022e6      0x1ac ./HAL/HKPD/HKPD_Program.o
                0x000022e6                HKPD_U8GetKeyPressed
 .text.HCLCD_Vid8Bits_SendCommand
                0x00002492      0x22a ./HAL/HCLCD/HCLCD_Program.o
                0x00002492                HCLCD_Vid8Bits_SendCommand
 .text.HCLCD_Vid8Bits_Init
                0x000026bc      0x3f4 ./HAL/HCLCD/HCLCD_Program.o
                0x000026bc                HCLCD_Vid8Bits_Init
 .text.HCLCD_Vid8Bits_DispalyCharacter
                0x00002ab0      0x22a ./HAL/HCLCD/HCLCD_Program.o
                0x00002ab0                HCLCD_Vid8Bits_DispalyCharacter
 .text.HCLCD_Vid8Bits_DisplayString
                0x00002cda       0x52 ./HAL/HCLCD/HCLCD_Program.o
                0x00002cda                HCLCD_Vid8Bits_DisplayString
 .text.HCLCD_Vid8Bits_DisplayNumber
                0x00002d2c       0xee ./HAL/HCLCD/HCLCD_Program.o
                0x00002d2c                HCLCD_Vid8Bits_DisplayNumber
 .text.HCLCD_Vid8Bits_SetPosition
                0x00002e1a       0x42 ./HAL/HCLCD/HCLCD_Program.o
                0x00002e1a                HCLCD_Vid8Bits_SetPosition
 .text.HCLCD_Vid8Bits_CustomAlphChar
                0x00002e5c       0x64 ./HAL/HCLCD/HCLCD_Program.o
                0x00002e5c                HCLCD_Vid8Bits_CustomAlphChar
 .text.HCLCD_Vid8Bits_ClearScreen
                0x00002ec0      0x110 ./HAL/HCLCD/HCLCD_Program.o
                0x00002ec0                HCLCD_Vid8Bits_ClearScreen
 .text.HCLCD_Vid8Bits_DisplayShiftLeft
                0x00002fd0      0x126 ./HAL/HCLCD/HCLCD_Program.o
                0x00002fd0                HCLCD_Vid8Bits_DisplayShiftLeft
 .text.HCLCD_Vid8Bits_DisplayShiftRight
                0x000030f6      0x126 ./HAL/HCLCD/HCLCD_Program.o
                0x000030f6                HCLCD_Vid8Bits_DisplayShiftRight
 .text.HCLCD_Vid8Bits_CursorShiftLeft
                0x0000321c      0x126 ./HAL/HCLCD/HCLCD_Program.o
                0x0000321c                HCLCD_Vid8Bits_CursorShiftLeft
 .text.HCLCD_Vid8Bits_CursorShiftRight
                0x00003342      0x126 ./HAL/HCLCD/HCLCD_Program.o
                0x00003342                HCLCD_Vid8Bits_CursorShiftRight
 .text.HCLCD_Vid4Bits_SendCommand
                0x00003468      0x13e ./HAL/HCLCD/HCLCD_Program.o
                0x00003468                HCLCD_Vid4Bits_SendCommand
 .text.HCLCD_Vid4Bits_Init
                0x000035a6      0x426 ./HAL/HCLCD/HCLCD_Program.o
                0x000035a6                HCLCD_Vid4Bits_Init
 .text.HCLCD_VidWriteChar_4Bits
                0x000039cc      0x13e ./HAL/HCLCD/HCLCD_Program.o
                0x000039cc                HCLCD_VidWriteChar_4Bits
 .text.HCLCD_Vid4Bits_DisplayCharacter
                0x00003b0a       0x24 ./HAL/HCLCD/HCLCD_Program.o
                0x00003b0a                HCLCD_Vid4Bits_DisplayCharacter
 .text.HCLCD_Vid4Bits_DisplayString
                0x00003b2e       0x52 ./HAL/HCLCD/HCLCD_Program.o
                0x00003b2e                HCLCD_Vid4Bits_DisplayString
 .text.HCLCD_Vid4Bits_DisplayNumber
                0x00003b80       0xee ./HAL/HCLCD/HCLCD_Program.o
                0x00003b80                HCLCD_Vid4Bits_DisplayNumber
 .text.HCLCD_Vid4Bits_SetPosition
                0x00003c6e       0x7e ./HAL/HCLCD/HCLCD_Program.o
                0x00003c6e                HCLCD_Vid4Bits_SetPosition
 .text.HCLCD_Vid4Bits_CustomAlphChar
                0x00003cec       0x8c ./HAL/HCLCD/HCLCD_Program.o
                0x00003cec                HCLCD_Vid4Bits_CustomAlphChar
 .text.HCLCD_Vid4Bits_ClearScreen
                0x00003d78      0x116 ./HAL/HCLCD/HCLCD_Program.o
                0x00003d78                HCLCD_Vid4Bits_ClearScreen
 .text.HCLCD_Vid4Bits_DisplayShiftLeft
                0x00003e8e      0x12c ./HAL/HCLCD/HCLCD_Program.o
                0x00003e8e                HCLCD_Vid4Bits_DisplayShiftLeft
 .text.HCLCD_Vid4Bits_DisplayShiftRight
                0x00003fba      0x12c ./HAL/HCLCD/HCLCD_Program.o
                0x00003fba                HCLCD_Vid4Bits_DisplayShiftRight
 .text.HCLCD_Vid4Bits_CursorShiftLeft
                0x000040e6      0x12c ./HAL/HCLCD/HCLCD_Program.o
                0x000040e6                HCLCD_Vid4Bits_CursorShiftLeft
 .text.HCLCD_Vid4Bits_CursorShiftRight
                0x00004212      0x12c ./HAL/HCLCD/HCLCD_Program.o
                0x00004212                HCLCD_Vid4Bits_CursorShiftRight
 .text.main     0x0000433e      0x6ae ./APP/main.o
                0x0000433e                main
 .text.ISR      0x000049ec      0x2ea ./APP/main.o
                0x000049ec                ISR
 .text.libgcc   0x00004cd6       0x3e e:/embedded systems imt/imt_sdk_win_64/winavr/bin/../lib/gcc/avr/4.3.3/avr5\libgcc.a(_mulsi3.o)
                0x00004cd6                __mulsi3
 .text.libgcc   0x00004d14       0x28 e:/embedded systems imt/imt_sdk_win_64/winavr/bin/../lib/gcc/avr/4.3.3/avr5\libgcc.a(_udivmodhi4.o)
                0x00004d14                __udivmodhi4
 .text.libgcc   0x00004d3c       0x44 e:/embedded systems imt/imt_sdk_win_64/winavr/bin/../lib/gcc/avr/4.3.3/avr5\libgcc.a(_udivmodsi4.o)
                0x00004d3c                __udivmodsi4
 .text.libgcc   0x00004d80        0x0 e:/embedded systems imt/imt_sdk_win_64/winavr/bin/../lib/gcc/avr/4.3.3/avr5\libgcc.a(_exit.o)
 .text.libgcc   0x00004d80        0x0 e:/embedded systems imt/imt_sdk_win_64/winavr/bin/../lib/gcc/avr/4.3.3/avr5\libgcc.a(_copy_data.o)
 .text.libgcc   0x00004d80        0x0 e:/embedded systems imt/imt_sdk_win_64/winavr/bin/../lib/gcc/avr/4.3.3/avr5\libgcc.a(_clear_bss.o)
 .text.libgcc   0x00004d80       0x38 e:/embedded systems imt/imt_sdk_win_64/winavr/bin/../lib/gcc/avr/4.3.3/avr5\libgcc.a(_prologue.o)
                0x00004d80                __prologue_saves__
 .text.libgcc   0x00004db8       0x36 e:/embedded systems imt/imt_sdk_win_64/winavr/bin/../lib/gcc/avr/4.3.3/avr5\libgcc.a(_epilogue.o)
                0x00004db8                __epilogue_restores__
                0x00004dee                . = ALIGN (0x2)
 *(.fini9)
 .fini9         0x00004dee        0x0 e:/embedded systems imt/imt_sdk_win_64/winavr/bin/../lib/gcc/avr/4.3.3/avr5\libgcc.a(_exit.o)
                0x00004dee                exit
                0x00004dee                _exit
 *(.fini9)
 *(.fini8)
 *(.fini8)
 *(.fini7)
 *(.fini7)
 *(.fini6)
 *(.fini6)
 *(.fini5)
 *(.fini5)
 *(.fini4)
 *(.fini4)
 *(.fini3)
 *(.fini3)
 *(.fini2)
 *(.fini2)
 *(.fini1)
 *(.fini1)
 *(.fini0)
 .fini0         0x00004dee        0x4 e:/embedded systems imt/imt_sdk_win_64/winavr/bin/../lib/gcc/avr/4.3.3/avr5\libgcc.a(_exit.o)
 *(.fini0)
                0x00004df2                _etext = .

.data           0x00800060       0x48 load address 0x00004df2
                0x00800060                PROVIDE (__data_start, .)
 *(.data)
 .data          0x00800060        0x0 e:/embedded systems imt/imt_sdk_win_64/winavr/bin/../lib/gcc/avr/4.3.3/../../../../avr/lib/avr5/crtm32.o
 .data          0x00800060        0x0 ./MCAL/MTIMER/MTIMER_Program.o
 .data          0x00800060        0x0 ./MCAL/MDIO/MDIO_Program.o
 .data          0x00800060        0x0 ./MCAL/MADC/MADC_Program.o
 .data          0x00800060        0x0 ./MCAL/GIE/GIE_program.o
 .data          0x00800060        0x0 ./MCAL/EXTI/EXTI_program.o
 .data          0x00800060        0x0 ./HAL/HSWITCH/HSWITCH_Program.o
 .data          0x00800060        0x0 ./HAL/HSEVEN_SEGMENT/HSEVEN_SEGMENT_Program.o
 .data          0x00800060        0x0 ./HAL/HLED/HLED_Program.o
 .data          0x00800060        0x0 ./HAL/HKPD/HKPD_Program.o
 .data          0x00800060        0x0 ./HAL/HCLCD/HCLCD_Program.o
 .data          0x00800060       0x30 ./APP/main.o
 .data          0x00800090        0x0 e:/embedded systems imt/imt_sdk_win_64/winavr/bin/../lib/gcc/avr/4.3.3/avr5\libgcc.a(_mulsi3.o)
 .data          0x00800090        0x0 e:/embedded systems imt/imt_sdk_win_64/winavr/bin/../lib/gcc/avr/4.3.3/avr5\libgcc.a(_udivmodhi4.o)
 .data          0x00800090        0x0 e:/embedded systems imt/imt_sdk_win_64/winavr/bin/../lib/gcc/avr/4.3.3/avr5\libgcc.a(_udivmodsi4.o)
 .data          0x00800090        0x0 e:/embedded systems imt/imt_sdk_win_64/winavr/bin/../lib/gcc/avr/4.3.3/avr5\libgcc.a(_exit.o)
 .data          0x00800090        0x0 e:/embedded systems imt/imt_sdk_win_64/winavr/bin/../lib/gcc/avr/4.3.3/avr5\libgcc.a(_copy_data.o)
 .data          0x00800090        0x0 e:/embedded systems imt/imt_sdk_win_64/winavr/bin/../lib/gcc/avr/4.3.3/avr5\libgcc.a(_clear_bss.o)
 .data          0x00800090        0x0 e:/embedded systems imt/imt_sdk_win_64/winavr/bin/../lib/gcc/avr/4.3.3/avr5\libgcc.a(_fixunssfsi.o)
 .data          0x00800090        0x0 e:/embedded systems imt/imt_sdk_win_64/winavr/bin/../lib/gcc/avr/4.3.3/avr5\libgcc.a(_addsub_sf.o)
 .data          0x00800090        0x0 e:/embedded systems imt/imt_sdk_win_64/winavr/bin/../lib/gcc/avr/4.3.3/avr5\libgcc.a(_mul_sf.o)
 .data          0x00800090        0x0 e:/embedded systems imt/imt_sdk_win_64/winavr/bin/../lib/gcc/avr/4.3.3/avr5\libgcc.a(_gt_sf.o)
 .data          0x00800090        0x0 e:/embedded systems imt/imt_sdk_win_64/winavr/bin/../lib/gcc/avr/4.3.3/avr5\libgcc.a(_ge_sf.o)
 .data          0x00800090        0x0 e:/embedded systems imt/imt_sdk_win_64/winavr/bin/../lib/gcc/avr/4.3.3/avr5\libgcc.a(_lt_sf.o)
 .data          0x00800090        0x0 e:/embedded systems imt/imt_sdk_win_64/winavr/bin/../lib/gcc/avr/4.3.3/avr5\libgcc.a(_sf_to_si.o)
 .data          0x00800090        0x8 e:/embedded systems imt/imt_sdk_win_64/winavr/bin/../lib/gcc/avr/4.3.3/avr5\libgcc.a(_thenan_sf.o)
                0x00800090                __thenan_sf
 .data          0x00800098        0x0 e:/embedded systems imt/imt_sdk_win_64/winavr/bin/../lib/gcc/avr/4.3.3/avr5\libgcc.a(_prologue.o)
 .data          0x00800098        0x0 e:/embedded systems imt/imt_sdk_win_64/winavr/bin/../lib/gcc/avr/4.3.3/avr5\libgcc.a(_epilogue.o)
 .data          0x00800098        0x0 e:/embedded systems imt/imt_sdk_win_64/winavr/bin/../lib/gcc/avr/4.3.3/avr5\libgcc.a(_pack_sf.o)
 .data          0x00800098        0x0 e:/embedded systems imt/imt_sdk_win_64/winavr/bin/../lib/gcc/avr/4.3.3/avr5\libgcc.a(_unpack_sf.o)
 .data          0x00800098        0x0 e:/embedded systems imt/imt_sdk_win_64/winavr/bin/../lib/gcc/avr/4.3.3/avr5\libgcc.a(_fpcmp_parts_sf.o)
 *(.data*)
 *(.rodata)
 *(.rodata*)
 .rodata.KPD_u8SwitchVal
                0x00800098       0x10 ./HAL/HKPD/HKPD_Program.o
                0x00800098                KPD_u8SwitchVal
 *(.gnu.linkonce.d*)
                0x008000a8                . = ALIGN (0x2)
                0x008000a8                _edata = .
                0x008000a8                PROVIDE (__data_end, .)

.bss            0x008000a8        0xd
                0x008000a8                PROVIDE (__bss_start, .)
 *(.bss)
 .bss           0x008000a8        0x0 e:/embedded systems imt/imt_sdk_win_64/winavr/bin/../lib/gcc/avr/4.3.3/../../../../avr/lib/avr5/crtm32.o
 .bss           0x008000a8        0x0 ./MCAL/MTIMER/MTIMER_Program.o
 .bss           0x008000a8        0x0 ./MCAL/MDIO/MDIO_Program.o
 .bss           0x008000a8        0x0 ./MCAL/MADC/MADC_Program.o
 .bss           0x008000a8        0x0 ./MCAL/GIE/GIE_program.o
 .bss           0x008000a8        0x0 ./MCAL/EXTI/EXTI_program.o
 .bss           0x008000a8        0x0 ./HAL/HSWITCH/HSWITCH_Program.o
 .bss           0x008000a8        0x0 ./HAL/HSEVEN_SEGMENT/HSEVEN_SEGMENT_Program.o
 .bss           0x008000a8        0x0 ./HAL/HLED/HLED_Program.o
 .bss           0x008000a8        0x0 ./HAL/HKPD/HKPD_Program.o
 .bss           0x008000a8        0x0 ./HAL/HCLCD/HCLCD_Program.o
 .bss           0x008000a8        0x0 ./APP/main.o
 .bss           0x008000a8        0x0 e:/embedded systems imt/imt_sdk_win_64/winavr/bin/../lib/gcc/avr/4.3.3/avr5\libgcc.a(_mulsi3.o)
 .bss           0x008000a8        0x0 e:/embedded systems imt/imt_sdk_win_64/winavr/bin/../lib/gcc/avr/4.3.3/avr5\libgcc.a(_udivmodhi4.o)
 .bss           0x008000a8        0x0 e:/embedded systems imt/imt_sdk_win_64/winavr/bin/../lib/gcc/avr/4.3.3/avr5\libgcc.a(_udivmodsi4.o)
 .bss           0x008000a8        0x0 e:/embedded systems imt/imt_sdk_win_64/winavr/bin/../lib/gcc/avr/4.3.3/avr5\libgcc.a(_exit.o)
 .bss           0x008000a8        0x0 e:/embedded systems imt/imt_sdk_win_64/winavr/bin/../lib/gcc/avr/4.3.3/avr5\libgcc.a(_copy_data.o)
 .bss           0x008000a8        0x0 e:/embedded systems imt/imt_sdk_win_64/winavr/bin/../lib/gcc/avr/4.3.3/avr5\libgcc.a(_clear_bss.o)
 .bss           0x008000a8        0x0 e:/embedded systems imt/imt_sdk_win_64/winavr/bin/../lib/gcc/avr/4.3.3/avr5\libgcc.a(_fixunssfsi.o)
 .bss           0x008000a8        0x0 e:/embedded systems imt/imt_sdk_win_64/winavr/bin/../lib/gcc/avr/4.3.3/avr5\libgcc.a(_addsub_sf.o)
 .bss           0x008000a8        0x0 e:/embedded systems imt/imt_sdk_win_64/winavr/bin/../lib/gcc/avr/4.3.3/avr5\libgcc.a(_mul_sf.o)
 .bss           0x008000a8        0x0 e:/embedded systems imt/imt_sdk_win_64/winavr/bin/../lib/gcc/avr/4.3.3/avr5\libgcc.a(_gt_sf.o)
 .bss           0x008000a8        0x0 e:/embedded systems imt/imt_sdk_win_64/winavr/bin/../lib/gcc/avr/4.3.3/avr5\libgcc.a(_ge_sf.o)
 .bss           0x008000a8        0x0 e:/embedded systems imt/imt_sdk_win_64/winavr/bin/../lib/gcc/avr/4.3.3/avr5\libgcc.a(_lt_sf.o)
 .bss           0x008000a8        0x0 e:/embedded systems imt/imt_sdk_win_64/winavr/bin/../lib/gcc/avr/4.3.3/avr5\libgcc.a(_sf_to_si.o)
 .bss           0x008000a8        0x0 e:/embedded systems imt/imt_sdk_win_64/winavr/bin/../lib/gcc/avr/4.3.3/avr5\libgcc.a(_thenan_sf.o)
 .bss           0x008000a8        0x0 e:/embedded systems imt/imt_sdk_win_64/winavr/bin/../lib/gcc/avr/4.3.3/avr5\libgcc.a(_prologue.o)
 .bss           0x008000a8        0x0 e:/embedded systems imt/imt_sdk_win_64/winavr/bin/../lib/gcc/avr/4.3.3/avr5\libgcc.a(_epilogue.o)
 .bss           0x008000a8        0x0 e:/embedded systems imt/imt_sdk_win_64/winavr/bin/../lib/gcc/avr/4.3.3/avr5\libgcc.a(_pack_sf.o)
 .bss           0x008000a8        0x0 e:/embedded systems imt/imt_sdk_win_64/winavr/bin/../lib/gcc/avr/4.3.3/avr5\libgcc.a(_unpack_sf.o)
 .bss           0x008000a8        0x0 e:/embedded systems imt/imt_sdk_win_64/winavr/bin/../lib/gcc/avr/4.3.3/avr5\libgcc.a(_fpcmp_parts_sf.o)
 *(.bss*)
 .bss.EXTI_pvInt0PtrFunc
                0x008000a8        0x2 ./MCAL/EXTI/EXTI_program.o
                0x008000a8                EXTI_pvInt0PtrFunc
 .bss.EXTI_pvInt1PtrFunc
                0x008000aa        0x2 ./MCAL/EXTI/EXTI_program.o
                0x008000aa                EXTI_pvInt1PtrFunc
 .bss.EXTI_pvInt2PtrFunc
                0x008000ac        0x2 ./MCAL/EXTI/EXTI_program.o
                0x008000ac                EXTI_pvInt2PtrFunc
 .bss.Flag.1258
                0x008000ae        0x1 ./HAL/HLED/HLED_Program.o
 *(COMMON)
 COMMON         0x008000af        0x6 ./MCAL/MTIMER/MTIMER_Program.o
                0x008000af                TIMER0_CallBack
                0x008000b1                TIMER1_CallBack
                0x008000b3                TIMER1_ICF_CallBack
                0x008000b5                PROVIDE (__bss_end, .)
                0x00004df2                __data_load_start = LOADADDR (.data)
                0x00004e3a                __data_load_end = (__data_load_start + SIZEOF (.data))

.noinit         0x008000b5        0x0
                0x008000b5                PROVIDE (__noinit_start, .)
 *(.noinit*)
                0x008000b5                PROVIDE (__noinit_end, .)
                0x008000b5                _end = .
                0x008000b5                PROVIDE (__heap_start, .)

.eeprom         0x00810000        0x0
 *(.eeprom*)
                0x00810000                __eeprom_end = .

.fuse
 *(.fuse)
 *(.lfuse)
 *(.hfuse)
 *(.efuse)

.lock
 *(.lock*)

.signature
 *(.signature*)

.stab           0x00000000     0x5658
 *(.stab)
 .stab          0x00000000      0x5dc ./MCAL/MTIMER/MTIMER_Program.o
 .stab          0x000005dc      0x8e8 ./MCAL/MDIO/MDIO_Program.o
                                0x8f4 (size before relaxing)
 .stab          0x00000ec4      0x270 ./MCAL/MADC/MADC_Program.o
                                0x27c (size before relaxing)
 .stab          0x00001134      0x1ec ./MCAL/GIE/GIE_program.o
                                0x1f8 (size before relaxing)
 .stab          0x00001320      0x7ec ./MCAL/EXTI/EXTI_program.o
                                0x7f8 (size before relaxing)
 .stab          0x00001b0c      0x294 ./HAL/HSWITCH/HSWITCH_Program.o
                                0x2a0 (size before relaxing)
 .stab          0x00001da0      0x3fc ./HAL/HSEVEN_SEGMENT/HSEVEN_SEGMENT_Program.o
                                0x408 (size before relaxing)
 .stab          0x0000219c      0x330 ./HAL/HLED/HLED_Program.o
                                0x33c (size before relaxing)
 .stab          0x000024cc      0x624 ./HAL/HKPD/HKPD_Program.o
                                0x630 (size before relaxing)
 .stab          0x00002af0     0x1fe0 ./HAL/HCLCD/HCLCD_Program.o
                               0x2178 (size before relaxing)
 .stab          0x00004ad0      0xb88 ./APP/main.o
                                0xd14 (size before relaxing)

.stabstr        0x00000000     0x1e8b
 *(.stabstr)
 .stabstr       0x00000000     0x1e8b ./MCAL/MTIMER/MTIMER_Program.o

.stab.excl
 *(.stab.excl)

.stab.exclstr
 *(.stab.exclstr)

.stab.index
 *(.stab.index)

.stab.indexstr
 *(.stab.indexstr)

.comment
 *(.comment)

.debug
 *(.debug)

.line
 *(.line)

.debug_srcinfo
 *(.debug_srcinfo)

.debug_sfnames
 *(.debug_sfnames)

.debug_aranges  0x00000000      0x140
 *(.debug_aranges)
 .debug_aranges
                0x00000000       0x20 e:/embedded systems imt/imt_sdk_win_64/winavr/bin/../lib/gcc/avr/4.3.3/avr5\libgcc.a(_fixunssfsi.o)
 .debug_aranges
                0x00000020       0x20 e:/embedded systems imt/imt_sdk_win_64/winavr/bin/../lib/gcc/avr/4.3.3/avr5\libgcc.a(_addsub_sf.o)
 .debug_aranges
                0x00000040       0x20 e:/embedded systems imt/imt_sdk_win_64/winavr/bin/../lib/gcc/avr/4.3.3/avr5\libgcc.a(_mul_sf.o)
 .debug_aranges
                0x00000060       0x20 e:/embedded systems imt/imt_sdk_win_64/winavr/bin/../lib/gcc/avr/4.3.3/avr5\libgcc.a(_gt_sf.o)
 .debug_aranges
                0x00000080       0x20 e:/embedded systems imt/imt_sdk_win_64/winavr/bin/../lib/gcc/avr/4.3.3/avr5\libgcc.a(_ge_sf.o)
 .debug_aranges
                0x000000a0       0x20 e:/embedded systems imt/imt_sdk_win_64/winavr/bin/../lib/gcc/avr/4.3.3/avr5\libgcc.a(_lt_sf.o)
 .debug_aranges
                0x000000c0       0x20 e:/embedded systems imt/imt_sdk_win_64/winavr/bin/../lib/gcc/avr/4.3.3/avr5\libgcc.a(_sf_to_si.o)
 .debug_aranges
                0x000000e0       0x20 e:/embedded systems imt/imt_sdk_win_64/winavr/bin/../lib/gcc/avr/4.3.3/avr5\libgcc.a(_pack_sf.o)
 .debug_aranges
                0x00000100       0x20 e:/embedded systems imt/imt_sdk_win_64/winavr/bin/../lib/gcc/avr/4.3.3/avr5\libgcc.a(_unpack_sf.o)
 .debug_aranges
                0x00000120       0x20 e:/embedded systems imt/imt_sdk_win_64/winavr/bin/../lib/gcc/avr/4.3.3/avr5\libgcc.a(_fpcmp_parts_sf.o)

.debug_pubnames
                0x00000000      0x170
 *(.debug_pubnames)
 .debug_pubnames
                0x00000000       0x23 e:/embedded systems imt/imt_sdk_win_64/winavr/bin/../lib/gcc/avr/4.3.3/avr5\libgcc.a(_fixunssfsi.o)
 .debug_pubnames
                0x00000023       0x2c e:/embedded systems imt/imt_sdk_win_64/winavr/bin/../lib/gcc/avr/4.3.3/avr5\libgcc.a(_addsub_sf.o)
 .debug_pubnames
                0x0000004f       0x1f e:/embedded systems imt/imt_sdk_win_64/winavr/bin/../lib/gcc/avr/4.3.3/avr5\libgcc.a(_mul_sf.o)
 .debug_pubnames
                0x0000006e       0x1e e:/embedded systems imt/imt_sdk_win_64/winavr/bin/../lib/gcc/avr/4.3.3/avr5\libgcc.a(_gt_sf.o)
 .debug_pubnames
                0x0000008c       0x1e e:/embedded systems imt/imt_sdk_win_64/winavr/bin/../lib/gcc/avr/4.3.3/avr5\libgcc.a(_ge_sf.o)
 .debug_pubnames
                0x000000aa       0x1e e:/embedded systems imt/imt_sdk_win_64/winavr/bin/../lib/gcc/avr/4.3.3/avr5\libgcc.a(_lt_sf.o)
 .debug_pubnames
                0x000000c8       0x20 e:/embedded systems imt/imt_sdk_win_64/winavr/bin/../lib/gcc/avr/4.3.3/avr5\libgcc.a(_sf_to_si.o)
 .debug_pubnames
                0x000000e8       0x22 e:/embedded systems imt/imt_sdk_win_64/winavr/bin/../lib/gcc/avr/4.3.3/avr5\libgcc.a(_thenan_sf.o)
 .debug_pubnames
                0x0000010a       0x1f e:/embedded systems imt/imt_sdk_win_64/winavr/bin/../lib/gcc/avr/4.3.3/avr5\libgcc.a(_pack_sf.o)
 .debug_pubnames
                0x00000129       0x21 e:/embedded systems imt/imt_sdk_win_64/winavr/bin/../lib/gcc/avr/4.3.3/avr5\libgcc.a(_unpack_sf.o)
 .debug_pubnames
                0x0000014a       0x26 e:/embedded systems imt/imt_sdk_win_64/winavr/bin/../lib/gcc/avr/4.3.3/avr5\libgcc.a(_fpcmp_parts_sf.o)

.debug_info     0x00000000     0x1c49
 *(.debug_info)
 .debug_info    0x00000000       0xb1 e:/embedded systems imt/imt_sdk_win_64/winavr/bin/../lib/gcc/avr/4.3.3/avr5\libgcc.a(_fixunssfsi.o)
 .debug_info    0x000000b1      0x47a e:/embedded systems imt/imt_sdk_win_64/winavr/bin/../lib/gcc/avr/4.3.3/avr5\libgcc.a(_addsub_sf.o)
 .debug_info    0x0000052b      0x485 e:/embedded systems imt/imt_sdk_win_64/winavr/bin/../lib/gcc/avr/4.3.3/avr5\libgcc.a(_mul_sf.o)
 .debug_info    0x000009b0      0x27f e:/embedded systems imt/imt_sdk_win_64/winavr/bin/../lib/gcc/avr/4.3.3/avr5\libgcc.a(_gt_sf.o)
 .debug_info    0x00000c2f      0x27f e:/embedded systems imt/imt_sdk_win_64/winavr/bin/../lib/gcc/avr/4.3.3/avr5\libgcc.a(_ge_sf.o)
 .debug_info    0x00000eae      0x27f e:/embedded systems imt/imt_sdk_win_64/winavr/bin/../lib/gcc/avr/4.3.3/avr5\libgcc.a(_lt_sf.o)
 .debug_info    0x0000112d      0x2b0 e:/embedded systems imt/imt_sdk_win_64/winavr/bin/../lib/gcc/avr/4.3.3/avr5\libgcc.a(_sf_to_si.o)
 .debug_info    0x000013dd      0x12c e:/embedded systems imt/imt_sdk_win_64/winavr/bin/../lib/gcc/avr/4.3.3/avr5\libgcc.a(_thenan_sf.o)
 .debug_info    0x00001509      0x2df e:/embedded systems imt/imt_sdk_win_64/winavr/bin/../lib/gcc/avr/4.3.3/avr5\libgcc.a(_pack_sf.o)
 .debug_info    0x000017e8      0x251 e:/embedded systems imt/imt_sdk_win_64/winavr/bin/../lib/gcc/avr/4.3.3/avr5\libgcc.a(_unpack_sf.o)
 .debug_info    0x00001a39      0x210 e:/embedded systems imt/imt_sdk_win_64/winavr/bin/../lib/gcc/avr/4.3.3/avr5\libgcc.a(_fpcmp_parts_sf.o)
 *(.gnu.linkonce.wi.*)

.debug_abbrev   0x00000000      0xeeb
 *(.debug_abbrev)
 .debug_abbrev  0x00000000       0x5d e:/embedded systems imt/imt_sdk_win_64/winavr/bin/../lib/gcc/avr/4.3.3/avr5\libgcc.a(_fixunssfsi.o)
 .debug_abbrev  0x0000005d      0x1ea e:/embedded systems imt/imt_sdk_win_64/winavr/bin/../lib/gcc/avr/4.3.3/avr5\libgcc.a(_addsub_sf.o)
 .debug_abbrev  0x00000247      0x21b e:/embedded systems imt/imt_sdk_win_64/winavr/bin/../lib/gcc/avr/4.3.3/avr5\libgcc.a(_mul_sf.o)
 .debug_abbrev  0x00000462      0x15a e:/embedded systems imt/imt_sdk_win_64/winavr/bin/../lib/gcc/avr/4.3.3/avr5\libgcc.a(_gt_sf.o)
 .debug_abbrev  0x000005bc      0x15a e:/embedded systems imt/imt_sdk_win_64/winavr/bin/../lib/gcc/avr/4.3.3/avr5\libgcc.a(_ge_sf.o)
 .debug_abbrev  0x00000716      0x15a e:/embedded systems imt/imt_sdk_win_64/winavr/bin/../lib/gcc/avr/4.3.3/avr5\libgcc.a(_lt_sf.o)
 .debug_abbrev  0x00000870      0x17f e:/embedded systems imt/imt_sdk_win_64/winavr/bin/../lib/gcc/avr/4.3.3/avr5\libgcc.a(_sf_to_si.o)
 .debug_abbrev  0x000009ef       0xad e:/embedded systems imt/imt_sdk_win_64/winavr/bin/../lib/gcc/avr/4.3.3/avr5\libgcc.a(_thenan_sf.o)
 .debug_abbrev  0x00000a9c      0x1c0 e:/embedded systems imt/imt_sdk_win_64/winavr/bin/../lib/gcc/avr/4.3.3/avr5\libgcc.a(_pack_sf.o)
 .debug_abbrev  0x00000c5c      0x154 e:/embedded systems imt/imt_sdk_win_64/winavr/bin/../lib/gcc/avr/4.3.3/avr5\libgcc.a(_unpack_sf.o)
 .debug_abbrev  0x00000db0      0x13b e:/embedded systems imt/imt_sdk_win_64/winavr/bin/../lib/gcc/avr/4.3.3/avr5\libgcc.a(_fpcmp_parts_sf.o)

.debug_line     0x00000000      0xdad
 *(.debug_line)
 .debug_line    0x00000000       0xa7 e:/embedded systems imt/imt_sdk_win_64/winavr/bin/../lib/gcc/avr/4.3.3/avr5\libgcc.a(_fixunssfsi.o)
 .debug_line    0x000000a7      0x2af e:/embedded systems imt/imt_sdk_win_64/winavr/bin/../lib/gcc/avr/4.3.3/avr5\libgcc.a(_addsub_sf.o)
 .debug_line    0x00000356      0x239 e:/embedded systems imt/imt_sdk_win_64/winavr/bin/../lib/gcc/avr/4.3.3/avr5\libgcc.a(_mul_sf.o)
 .debug_line    0x0000058f       0xd3 e:/embedded systems imt/imt_sdk_win_64/winavr/bin/../lib/gcc/avr/4.3.3/avr5\libgcc.a(_gt_sf.o)
 .debug_line    0x00000662       0xd3 e:/embedded systems imt/imt_sdk_win_64/winavr/bin/../lib/gcc/avr/4.3.3/avr5\libgcc.a(_ge_sf.o)
 .debug_line    0x00000735       0xd3 e:/embedded systems imt/imt_sdk_win_64/winavr/bin/../lib/gcc/avr/4.3.3/avr5\libgcc.a(_lt_sf.o)
 .debug_line    0x00000808      0x109 e:/embedded systems imt/imt_sdk_win_64/winavr/bin/../lib/gcc/avr/4.3.3/avr5\libgcc.a(_sf_to_si.o)
 .debug_line    0x00000911       0x90 e:/embedded systems imt/imt_sdk_win_64/winavr/bin/../lib/gcc/avr/4.3.3/avr5\libgcc.a(_thenan_sf.o)
 .debug_line    0x000009a1      0x18a e:/embedded systems imt/imt_sdk_win_64/winavr/bin/../lib/gcc/avr/4.3.3/avr5\libgcc.a(_pack_sf.o)
 .debug_line    0x00000b2b      0x14b e:/embedded systems imt/imt_sdk_win_64/winavr/bin/../lib/gcc/avr/4.3.3/avr5\libgcc.a(_unpack_sf.o)
 .debug_line    0x00000c76      0x137 e:/embedded systems imt/imt_sdk_win_64/winavr/bin/../lib/gcc/avr/4.3.3/avr5\libgcc.a(_fpcmp_parts_sf.o)

.debug_frame    0x00000000      0x160
 *(.debug_frame)
 .debug_frame   0x00000000       0x20 e:/embedded systems imt/imt_sdk_win_64/winavr/bin/../lib/gcc/avr/4.3.3/avr5\libgcc.a(_fixunssfsi.o)
 .debug_frame   0x00000020       0x40 e:/embedded systems imt/imt_sdk_win_64/winavr/bin/../lib/gcc/avr/4.3.3/avr5\libgcc.a(_addsub_sf.o)
 .debug_frame   0x00000060       0x20 e:/embedded systems imt/imt_sdk_win_64/winavr/bin/../lib/gcc/avr/4.3.3/avr5\libgcc.a(_mul_sf.o)
 .debug_frame   0x00000080       0x20 e:/embedded systems imt/imt_sdk_win_64/winavr/bin/../lib/gcc/avr/4.3.3/avr5\libgcc.a(_gt_sf.o)
 .debug_frame   0x000000a0       0x20 e:/embedded systems imt/imt_sdk_win_64/winavr/bin/../lib/gcc/avr/4.3.3/avr5\libgcc.a(_ge_sf.o)
 .debug_frame   0x000000c0       0x20 e:/embedded systems imt/imt_sdk_win_64/winavr/bin/../lib/gcc/avr/4.3.3/avr5\libgcc.a(_lt_sf.o)
 .debug_frame   0x000000e0       0x20 e:/embedded systems imt/imt_sdk_win_64/winavr/bin/../lib/gcc/avr/4.3.3/avr5\libgcc.a(_sf_to_si.o)
 .debug_frame   0x00000100       0x20 e:/embedded systems imt/imt_sdk_win_64/winavr/bin/../lib/gcc/avr/4.3.3/avr5\libgcc.a(_pack_sf.o)
 .debug_frame   0x00000120       0x20 e:/embedded systems imt/imt_sdk_win_64/winavr/bin/../lib/gcc/avr/4.3.3/avr5\libgcc.a(_unpack_sf.o)
 .debug_frame   0x00000140       0x20 e:/embedded systems imt/imt_sdk_win_64/winavr/bin/../lib/gcc/avr/4.3.3/avr5\libgcc.a(_fpcmp_parts_sf.o)

.debug_str      0x00000000      0x28d
 *(.debug_str)
 .debug_str     0x00000000       0xbf e:/embedded systems imt/imt_sdk_win_64/winavr/bin/../lib/gcc/avr/4.3.3/avr5\libgcc.a(_fixunssfsi.o)
                                 0xfe (size before relaxing)
 .debug_str     0x000000bf      0x14d e:/embedded systems imt/imt_sdk_win_64/winavr/bin/../lib/gcc/avr/4.3.3/avr5\libgcc.a(_addsub_sf.o)
                                0x206 (size before relaxing)
 .debug_str     0x0000020c       0x27 e:/embedded systems imt/imt_sdk_win_64/winavr/bin/../lib/gcc/avr/4.3.3/avr5\libgcc.a(_mul_sf.o)
                                0x1bf (size before relaxing)
 .debug_str     0x00000233        0xf e:/embedded systems imt/imt_sdk_win_64/winavr/bin/../lib/gcc/avr/4.3.3/avr5\libgcc.a(_gt_sf.o)
                                0x195 (size before relaxing)
 .debug_str     0x00000242        0x8 e:/embedded systems imt/imt_sdk_win_64/winavr/bin/../lib/gcc/avr/4.3.3/avr5\libgcc.a(_ge_sf.o)
                                0x195 (size before relaxing)
 .debug_str     0x0000024a        0x8 e:/embedded systems imt/imt_sdk_win_64/winavr/bin/../lib/gcc/avr/4.3.3/avr5\libgcc.a(_lt_sf.o)
                                0x195 (size before relaxing)
 .debug_str     0x00000252        0xa e:/embedded systems imt/imt_sdk_win_64/winavr/bin/../lib/gcc/avr/4.3.3/avr5\libgcc.a(_sf_to_si.o)
                                0x19e (size before relaxing)
 .debug_str     0x00000000      0x103 e:/embedded systems imt/imt_sdk_win_64/winavr/bin/../lib/gcc/avr/4.3.3/avr5\libgcc.a(_thenan_sf.o)
 .debug_str     0x0000025c       0x16 e:/embedded systems imt/imt_sdk_win_64/winavr/bin/../lib/gcc/avr/4.3.3/avr5\libgcc.a(_pack_sf.o)
                                0x19d (size before relaxing)
 .debug_str     0x00000272        0xb e:/embedded systems imt/imt_sdk_win_64/winavr/bin/../lib/gcc/avr/4.3.3/avr5\libgcc.a(_unpack_sf.o)
                                0x17f (size before relaxing)
 .debug_str     0x0000027d       0x10 e:/embedded systems imt/imt_sdk_win_64/winavr/bin/../lib/gcc/avr/4.3.3/avr5\libgcc.a(_fpcmp_parts_sf.o)
                                0x163 (size before relaxing)

.debug_loc      0x00000000      0x7ce
 *(.debug_loc)
 .debug_loc     0x00000000       0x34 e:/embedded systems imt/imt_sdk_win_64/winavr/bin/../lib/gcc/avr/4.3.3/avr5\libgcc.a(_fixunssfsi.o)
 .debug_loc     0x00000034      0x32a e:/embedded systems imt/imt_sdk_win_64/winavr/bin/../lib/gcc/avr/4.3.3/avr5\libgcc.a(_addsub_sf.o)
 .debug_loc     0x0000035e      0x104 e:/embedded systems imt/imt_sdk_win_64/winavr/bin/../lib/gcc/avr/4.3.3/avr5\libgcc.a(_mul_sf.o)
 .debug_loc     0x00000462       0x3c e:/embedded systems imt/imt_sdk_win_64/winavr/bin/../lib/gcc/avr/4.3.3/avr5\libgcc.a(_gt_sf.o)
 .debug_loc     0x0000049e       0x3c e:/embedded systems imt/imt_sdk_win_64/winavr/bin/../lib/gcc/avr/4.3.3/avr5\libgcc.a(_ge_sf.o)
 .debug_loc     0x000004da       0x3c e:/embedded systems imt/imt_sdk_win_64/winavr/bin/../lib/gcc/avr/4.3.3/avr5\libgcc.a(_lt_sf.o)
 .debug_loc     0x00000516       0x7e e:/embedded systems imt/imt_sdk_win_64/winavr/bin/../lib/gcc/avr/4.3.3/avr5\libgcc.a(_sf_to_si.o)
 .debug_loc     0x00000594      0x13e e:/embedded systems imt/imt_sdk_win_64/winavr/bin/../lib/gcc/avr/4.3.3/avr5\libgcc.a(_pack_sf.o)
 .debug_loc     0x000006d2       0xac e:/embedded systems imt/imt_sdk_win_64/winavr/bin/../lib/gcc/avr/4.3.3/avr5\libgcc.a(_unpack_sf.o)
 .debug_loc     0x0000077e       0x50 e:/embedded systems imt/imt_sdk_win_64/winavr/bin/../lib/gcc/avr/4.3.3/avr5\libgcc.a(_fpcmp_parts_sf.o)

.debug_macinfo
 *(.debug_macinfo)
OUTPUT(Temp.elf elf32-avr)
LOAD linker stubs

.debug_ranges   0x00000000       0x50
 .debug_ranges  0x00000000       0x50 e:/embedded systems imt/imt_sdk_win_64/winavr/bin/../lib/gcc/avr/4.3.3/avr5\libgcc.a(_mul_sf.o)
